<html>
<body>
<pre>
<h1>µVision Build Log</h1>
<h2>Project:</h2>
C:\Users\pk801\OneDrive\Desktop\ARM\switch_count2\switch_count.uvproj
Project File Date:  12/02/2025

<h2>Output:</h2>
Build target 'Target 1'
compiling s_c.c...
s_c.c(84): warning:  #1-D: last line of file ends without a newline
linking...
Program Size: Code=1136 RO-data=16 RW-data=0 ZI-data=1256  
FromELF: creating hex file...
"switch_count.axf" - 0 Error(s), 1 Warning(s).
Build target 'Target 1'
compiling s_c.c...
s_c.c(85): warning:  #1-D: last line of file ends without a newline
linking...
Program Size: Code=1128 RO-data=16 RW-data=0 ZI-data=1256  
FromELF: creating hex file...
"switch_count.axf" - 0 Error(s), 1 Warning(s).
Build target 'Target 1'
compiling s_c.c...
s_c.c(86): warning:  #1-D: last line of file ends without a newline
linking...
Program Size: Code=1136 RO-data=16 RW-data=0 ZI-data=1256  
FromELF: creating hex file...
"switch_count.axf" - 0 Error(s), 1 Warning(s).
Build target 'Target 1'
compiling s_c.c...
s_c.c(86): warning:  #1-D: last line of file ends without a newline
linking...
Program Size: Code=1136 RO-data=16 RW-data=0 ZI-data=1256  
FromELF: creating hex file...
"switch_count.axf" - 0 Error(s), 1 Warning(s).
Build target 'Target 1'
compiling s_c.c...
s_c.c(86): warning:  #1-D: last line of file ends without a newline
linking...
Program Size: Code=1136 RO-data=16 RW-data=0 ZI-data=1256  
FromELF: creating hex file...
"switch_count.axf" - 0 Error(s), 1 Warning(s).
Build target 'Target 1'
compiling s_c.c...
s_c.c(94): warning:  #1-D: last line of file ends without a newline
s_c.c(94): error:  #40: expected an identifier
s_c.c(94): error: At end of source:  #65: expected a ";"
Target not created
Build target 'Target 1'
compiling s_c.c...
s_c.c(94): warning:  #1-D: last line of file ends without a newline
linking...
Program Size: Code=1288 RO-data=32 RW-data=12 ZI-data=1260  
FromELF: creating hex file...
"switch_count.axf" - 0 Error(s), 1 Warning(s).
Build target 'Target 1'
compiling s_c.c...
s_c.c(94): warning:  #1-D: last line of file ends without a newline
linking...
Program Size: Code=1292 RO-data=32 RW-data=12 ZI-data=1260  
FromELF: creating hex file...
"switch_count.axf" - 0 Error(s), 1 Warning(s).
Build target 'Target 1'
compiling s_c.c...
s_c.c(92): warning:  #1-D: last line of file ends without a newline
linking...
Program Size: Code=1260 RO-data=32 RW-data=12 ZI-data=1260  
FromELF: creating hex file...
"switch_count.axf" - 0 Error(s), 1 Warning(s).
Build target 'Target 1'
compiling s_c.c...
s_c.c(92): warning:  #1-D: last line of file ends without a newline
linking...
Program Size: Code=1288 RO-data=32 RW-data=12 ZI-data=1260  
FromELF: creating hex file...
"switch_count.axf" - 0 Error(s), 1 Warning(s).
Build target 'Target 1'
compiling s_c.c...
s_c.c(94): warning:  #1-D: last line of file ends without a newline
linking...
Program Size: Code=1724 RO-data=32 RW-data=12 ZI-data=1260  
FromELF: creating hex file...
"switch_count.axf" - 0 Error(s), 1 Warning(s).
Build target 'Target 1'
compiling s_c.c...
s_c.c(94): warning:  #1-D: last line of file ends without a newline
linking...
Program Size: Code=1728 RO-data=32 RW-data=12 ZI-data=1260  
FromELF: creating hex file...
"switch_count.axf" - 0 Error(s), 1 Warning(s).
Build target 'Target 1'
compiling s_c.c...
s_c.c(94): warning:  #1-D: last line of file ends without a newline
linking...
Program Size: Code=1728 RO-data=32 RW-data=12 ZI-data=1260  
FromELF: creating hex file...
"switch_count.axf" - 0 Error(s), 1 Warning(s).
Build target 'Target 1'
compiling s_c.c...
s_c.c(110): warning:  #1-D: last line of file ends without a newline
linking...
Program Size: Code=1852 RO-data=32 RW-data=12 ZI-data=1268  
FromELF: creating hex file...
"switch_count.axf" - 0 Error(s), 1 Warning(s).
Build target 'Target 1'
compiling s_c.c...
s_c.c(15): error:  #65: expected a ";"
s_c.c(110): warning:  #1-D: last line of file ends without a newline
Target not created
Build target 'Target 1'
compiling s_c.c...
s_c.c(110): warning:  #1-D: last line of file ends without a newline
linking...
Program Size: Code=1852 RO-data=32 RW-data=24 ZI-data=1256  
FromELF: creating hex file...
"switch_count.axf" - 0 Error(s), 1 Warning(s).
Build target 'Target 1'
compiling s_c.c...
s_c.c(110): warning:  #1-D: last line of file ends without a newline
linking...
Program Size: Code=1860 RO-data=32 RW-data=24 ZI-data=1256  
FromELF: creating hex file...
"switch_count.axf" - 0 Error(s), 1 Warning(s).
Build target 'Target 1'
compiling s_c.c...
s_c.c(113): warning:  #1-D: last line of file ends without a newline
linking...
Program Size: Code=1884 RO-data=32 RW-data=24 ZI-data=1256  
FromELF: creating hex file...
"switch_count.axf" - 0 Error(s), 1 Warning(s).
Build target 'Target 1'
compiling s_c.c...
s_c.c(113): warning:  #1-D: last line of file ends without a newline
linking...
Program Size: Code=1884 RO-data=32 RW-data=24 ZI-data=1256  
FromELF: creating hex file...
"switch_count.axf" - 0 Error(s), 1 Warning(s).
Build target 'Target 1'
compiling s_c.c...
s_c.c(118): warning:  #1-D: last line of file ends without a newline
linking...
Program Size: Code=1964 RO-data=32 RW-data=24 ZI-data=1256  
FromELF: creating hex file...
"switch_count.axf" - 0 Error(s), 1 Warning(s).
Build target 'Target 1'
compiling s_c.c...
s_c.c(118): warning:  #1-D: last line of file ends without a newline
linking...
Program Size: Code=1964 RO-data=32 RW-data=12 ZI-data=1268  
FromELF: creating hex file...
"switch_count.axf" - 0 Error(s), 1 Warning(s).
Build target 'Target 1'
compiling s_c.c...
s_c.c(120): warning:  #1-D: last line of file ends without a newline
linking...
Program Size: Code=1976 RO-data=32 RW-data=16 ZI-data=1272  
FromELF: creating hex file...
"switch_count.axf" - 0 Error(s), 1 Warning(s).
Build target 'Target 1'
compiling s_c.c...
s_c.c(120): warning:  #1-D: last line of file ends without a newline
linking...
Program Size: Code=1976 RO-data=32 RW-data=16 ZI-data=1272  
FromELF: creating hex file...
"switch_count.axf" - 0 Error(s), 1 Warning(s).
Build target 'Target 1'
compiling s_c.c...
s_c.c(120): warning:  #1-D: last line of file ends without a newline
linking...
Program Size: Code=1976 RO-data=32 RW-data=16 ZI-data=1272  
FromELF: creating hex file...
"switch_count.axf" - 0 Error(s), 1 Warning(s).
Build target 'Target 1'
compiling s_c.c...
s_c.c(120): warning:  #1-D: last line of file ends without a newline
linking...
Program Size: Code=1976 RO-data=32 RW-data=16 ZI-data=1272  
FromELF: creating hex file...
"switch_count.axf" - 0 Error(s), 1 Warning(s).
Build target 'Target 1'
compiling s_c.c...
s_c.c(120): warning:  #1-D: last line of file ends without a newline
linking...
Program Size: Code=1976 RO-data=32 RW-data=16 ZI-data=1272  
FromELF: creating hex file...
"switch_count.axf" - 0 Error(s), 1 Warning(s).
Build target 'Target 1'
compiling s_c.c...
s_c.c(124): warning:  #1-D: last line of file ends without a newline
linking...
Program Size: Code=1996 RO-data=32 RW-data=16 ZI-data=1272  
FromELF: creating hex file...
"switch_count.axf" - 0 Error(s), 1 Warning(s).
Build target 'Target 1'
compiling s_c.c...
s_c.c(124): warning:  #1-D: last line of file ends without a newline
linking...
Program Size: Code=1996 RO-data=32 RW-data=16 ZI-data=1272  
FromELF: creating hex file...
"switch_count.axf" - 0 Error(s), 1 Warning(s).
Build target 'Target 1'
compiling s_c.c...
s_c.c(124): warning:  #1-D: last line of file ends without a newline
linking...
Program Size: Code=1996 RO-data=32 RW-data=16 ZI-data=1272  
FromELF: creating hex file...
"switch_count.axf" - 0 Error(s), 1 Warning(s).
Build target 'Target 1'
compiling s_c.c...
s_c.c(124): warning:  #1-D: last line of file ends without a newline
linking...
Program Size: Code=1996 RO-data=32 RW-data=16 ZI-data=1272  
FromELF: creating hex file...
"switch_count.axf" - 0 Error(s), 1 Warning(s).
Build target 'Target 1'
compiling s_c.c...
s_c.c(124): warning:  #1-D: last line of file ends without a newline
linking...
Program Size: Code=1996 RO-data=32 RW-data=16 ZI-data=1272  
FromELF: creating hex file...
"switch_count.axf" - 0 Error(s), 1 Warning(s).
Build target 'Target 1'
compiling s_c.c...
s_c.c(124): warning:  #1-D: last line of file ends without a newline
linking...
Program Size: Code=1996 RO-data=32 RW-data=16 ZI-data=1272  
FromELF: creating hex file...
"switch_count.axf" - 0 Error(s), 1 Warning(s).
Build target 'Target 1'
compiling s_c.c...
s_c.c(124): warning:  #1-D: last line of file ends without a newline
linking...
Program Size: Code=2000 RO-data=32 RW-data=16 ZI-data=1272  
FromELF: creating hex file...
"switch_count.axf" - 0 Error(s), 1 Warning(s).
Build target 'Target 1'
compiling s_c.c...
s_c.c(124): warning:  #1-D: last line of file ends without a newline
linking...
Program Size: Code=2000 RO-data=32 RW-data=16 ZI-data=1272  
FromELF: creating hex file...
"switch_count.axf" - 0 Error(s), 1 Warning(s).
Build target 'Target 1'
compiling s_c.c...
s_c.c(124): warning:  #1-D: last line of file ends without a newline
linking...
Program Size: Code=2000 RO-data=32 RW-data=16 ZI-data=1272  
FromELF: creating hex file...
"switch_count.axf" - 0 Error(s), 1 Warning(s).
Build target 'Target 1'
compiling s_c.c...
s_c.c(123): warning:  #1-D: last line of file ends without a newline
linking...
Program Size: Code=2000 RO-data=32 RW-data=12 ZI-data=1268  
FromELF: creating hex file...
"switch_count.axf" - 0 Error(s), 1 Warning(s).
Build target 'Target 1'
compiling s_c.c...
s_c.c(124): warning:  #1-D: last line of file ends without a newline
linking...
Program Size: Code=2008 RO-data=32 RW-data=12 ZI-data=1268  
FromELF: creating hex file...
"switch_count.axf" - 0 Error(s), 1 Warning(s).
Build target 'Target 1'
compiling s_c.c...
s_c.c(125): warning:  #1-D: last line of file ends without a newline
linking...
Program Size: Code=2028 RO-data=32 RW-data=12 ZI-data=1268  
FromELF: creating hex file...
"switch_count.axf" - 0 Error(s), 1 Warning(s).
Build target 'Target 1'
compiling s_c.c...
s_c.c(126): warning:  #1-D: last line of file ends without a newline
linking...
Program Size: Code=2036 RO-data=32 RW-data=12 ZI-data=1268  
FromELF: creating hex file...
"switch_count.axf" - 0 Error(s), 1 Warning(s).
Build target 'Target 1'
compiling s_c.c...
s_c.c(125): warning:  #1-D: last line of file ends without a newline
linking...
Program Size: Code=2028 RO-data=32 RW-data=12 ZI-data=1268  
FromELF: creating hex file...
"switch_count.axf" - 0 Error(s), 1 Warning(s).
Build target 'Target 1'
compiling s_c.c...
s_c.c(127): warning:  #1-D: last line of file ends without a newline
linking...
Program Size: Code=2044 RO-data=32 RW-data=12 ZI-data=1268  
FromELF: creating hex file...
"switch_count.axf" - 0 Error(s), 1 Warning(s).
Build target 'Target 1'
compiling s_c.c...
s_c.c(125): warning:  #1-D: last line of file ends without a newline
linking...
Program Size: Code=2028 RO-data=32 RW-data=12 ZI-data=1268  
FromELF: creating hex file...
"switch_count.axf" - 0 Error(s), 1 Warning(s).
